../Core/Src/main.c:109:5:getTemp	16	static
../Core/Src/main.c:113:5:getVoltage	16	static
../Core/Src/main.c:124:5:main	24	static
../Core/Src/main.c:293:6:SystemClock_Config	88	static
../Core/Src/main.c:339:1:__io_putchar	16	static
../Core/Src/main.c:344:5:_write	32	static
../Core/Src/main.c:352:13:HAL_I2C_ListenCpltCallback	16	static
../Core/Src/main.c:357:13:HAL_I2C_AddrCallback	16	static
../Core/Src/main.c:384:6:HAL_I2C_SlaveRxCpltCallback	16	static
../Core/Src/main.c:388:6:HAL_I2C_SlaveTxCpltCallback	16	static
../Core/Src/main.c:392:6:HAL_I2C_ErrorCallback	16	static
../Core/Src/main.c:398:6:HAL_ADC_ConvCpltCallback	16	static
../Core/Src/main.c:403:6:HAL_TIM_IC_CaptureCallback	16	static
../Core/Src/main.c:409:6:HAL_TIM_PeriodElapsedCallback	16	static
../Core/Src/main.c:421:6:Error_Handler	8	static,ignoring_inline_asm
